[4mRunning "clean:server" (clean) task[24m
Cleaning .tmp...[32mOK[39m

[4mRunning "concurrent:test" (concurrent) task[24m
    
    [4mRunning "copy:styles" (copy) task[24m
    
    
    [32mDone, without errors.[39m
        
    [4mRunning "html2js:main" (html2js) task[24m
    Successfully converted [32m9[39m html templates to js.
    
    [32mDone, without errors.[39m
        
    [4mRunning "compass:dist" (compass) task[24m
    [32mdirectory[0m .tmp/styles/ 
    [31m[0m[32m   create[0m .tmp/styles/main.css (0.945s)
    Compilation took 0.945s
    
    [4mRunning "compass:server" (compass) task[24m
    [33munchanged[0m app/styles/main.scss
    Compilation took 0.08s
    
    [32mDone, without errors.[39m
    
    
    Execution Time (2014-04-03 18:22:52 UTC)
    compass:dist       1s  ▇▇▇▇▇▇▇▇▇▇▇▇▇▇▇▇▇▇▇▇▇▇▇▇▇▇▇▇▇▇▇▇▇▇▇▇▇ 80%
    compass:server  297ms  ▇▇▇▇▇▇▇▇▇▇ 20%
    Total 1s
    
[4mRunning "autoprefixer:dist" (autoprefixer) task[24m
Prefixed file ".tmp/styles/main.css" created.

[4mRunning "connect:test" (connect) task[24m
Started connect web server on 127.0.0.1:9001.

[4mRunning "karma:unit" (karma) task[24m
[36mDEBUG [plugin]: [39mLoading karma-* from /media/d1/code/agenda/frontend/node_modules
[36mDEBUG [plugin]: [39mLoading plugin /media/d1/code/agenda/frontend/node_modules/karma-chrome-launcher.
[36mDEBUG [plugin]: [39mLoading plugin /media/d1/code/agenda/frontend/node_modules/karma-coffee-preprocessor.
[36mDEBUG [plugin]: [39mLoading plugin /media/d1/code/agenda/frontend/node_modules/karma-firefox-launcher.
[36mDEBUG [plugin]: [39mLoading plugin /media/d1/code/agenda/frontend/node_modules/karma-html2js-preprocessor.
[36mDEBUG [plugin]: [39mLoading plugin /media/d1/code/agenda/frontend/node_modules/karma-jasmine.
[36mDEBUG [plugin]: [39mLoading plugin /media/d1/code/agenda/frontend/node_modules/karma-ng-html2js-preprocessor.
[36mDEBUG [plugin]: [39mLoading plugin /media/d1/code/agenda/frontend/node_modules/karma-ng-scenario.
[36mDEBUG [plugin]: [39mLoading plugin /media/d1/code/agenda/frontend/node_modules/karma-phantomjs-launcher.
[36mDEBUG [plugin]: [39mLoading plugin /media/d1/code/agenda/frontend/node_modules/karma-requirejs.
[36mDEBUG [plugin]: [39mLoading plugin /media/d1/code/agenda/frontend/node_modules/karma-script-launcher.
[32mINFO [karma]: [39mKarma v0.10.8 server started at http://localhost:8080/
[32mINFO [launcher]: [39mStarting browser Firefox
[36mDEBUG [launcher]: [39mCreating temp dir at /tmp/karma-90907166
[36mDEBUG [launcher]: [39mfirefox http://localhost:8080/?id=90907166 -profile /tmp/karma-90907166 -no-remote
[36mDEBUG [watcher]: [39mResolved files:
	/media/d1/code/agenda/frontend/node_modules/karma-jasmine/lib/jasmine.js
	/media/d1/code/agenda/frontend/node_modules/karma-jasmine/lib/adapter.js
	/media/d1/code/agenda/frontend/app/bower_components/angular/angular.js
	/media/d1/code/agenda/frontend/app/bower_components/angular-mocks/angular-mocks.js
	/media/d1/code/agenda/frontend/app/bower_components/angular-resource/angular-resource.js
	/media/d1/code/agenda/frontend/app/bower_components/angular-cookies/angular-cookies.js
	/media/d1/code/agenda/frontend/app/bower_components/angular-sanitize/angular-sanitize.js
	/media/d1/code/agenda/frontend/app/bower_components/angular-route/angular-route.js
	/media/d1/code/agenda/frontend/app/bower_components/angular-bootstrap/ui-bootstrap-tpls.js
	/media/d1/code/agenda/frontend/.tmp/ui-templates.js
	/media/d1/code/agenda/frontend/app/ext_components/angular-file-upload.js
	/media/d1/code/agenda/frontend/app/bower_components/angular-ui-growl/src/growl.js
	/media/d1/code/agenda/frontend/app/scripts/app.js
	/media/d1/code/agenda/frontend/app/scripts/controllers/about.js
	/media/d1/code/agenda/frontend/app/scripts/controllers/event.js
	/media/d1/code/agenda/frontend/app/scripts/controllers/invalidConfirmation.js
	/media/d1/code/agenda/frontend/app/scripts/controllers/login.js
	/media/d1/code/agenda/frontend/app/scripts/controllers/main.js
	/media/d1/code/agenda/frontend/app/scripts/controllers/panel.js
	/media/d1/code/agenda/frontend/app/scripts/controllers/setPwd.js
	/media/d1/code/agenda/frontend/app/scripts/controllers/signup.js
	/media/d1/code/agenda/frontend/app/scripts/controllers/signupConfirmation.js
	/media/d1/code/agenda/frontend/app/scripts/directives/infoPanel.js
	/media/d1/code/agenda/frontend/app/scripts/directives/ngClearFix.js
	/media/d1/code/agenda/frontend/app/scripts/directives/ngDateFix.js
	/media/d1/code/agenda/frontend/app/scripts/directives/ngFormAutofillFix.js
	/media/d1/code/agenda/frontend/app/scripts/directives/ngSameAs.js
	/media/d1/code/agenda/frontend/app/scripts/directives/ngServerError.js
	/media/d1/code/agenda/frontend/app/scripts/directives/ngThumb.js
	/media/d1/code/agenda/frontend/app/scripts/directives/timepicker.js
	/media/d1/code/agenda/frontend/app/scripts/services/appBackend.js
	/media/d1/code/agenda/frontend/app/scripts/services/confirmDialog.js
	/media/d1/code/agenda/frontend/app/scripts/services/i18n.js
	/media/d1/code/agenda/frontend/app/scripts/services/msgPanel.js
	/media/d1/code/agenda/frontend/app/scripts/services/progressbar.js
	/media/d1/code/agenda/frontend/app/scripts/services/responseInterceptor.js
	/media/d1/code/agenda/frontend/app/scripts/services/serverError.js
	/media/d1/code/agenda/frontend/test/mock/services/progressbar.js
	/media/d1/code/agenda/frontend/test/spec/controllers/about.js
	/media/d1/code/agenda/frontend/test/spec/controllers/event.js
	/media/d1/code/agenda/frontend/test/spec/controllers/login.js
	/media/d1/code/agenda/frontend/test/spec/controllers/main.js
	/media/d1/code/agenda/frontend/test/spec/controllers/panel.js
	/media/d1/code/agenda/frontend/test/spec/controllers/signup.js
[36mDEBUG [web-server]: [39mserving: /media/d1/code/agenda/frontend/node_modules/karma/static/client.html
[36mDEBUG [web-server]: [39mserving: /media/d1/code/agenda/frontend/node_modules/karma/static/karma.js
[36mDEBUG [karma]: [39mA browser has connected on socket 41aGl4LnFITMYL0h1FJl
[32mINFO [Firefox 26.0.0 (Ubuntu)]: [39mConnected on socket 41aGl4LnFITMYL0h1FJl
[36mDEBUG [karma]: [39mAll browsers are ready, executing
[36mDEBUG [web-server]: [39mserving: /media/d1/code/agenda/frontend/node_modules/karma/static/context.html
[36mDEBUG [web-server]: [39mserving: /media/d1/code/agenda/frontend/node_modules/karma-jasmine/lib/jasmine.js
[36mDEBUG [web-server]: [39mserving: /media/d1/code/agenda/frontend/node_modules/karma-jasmine/lib/adapter.js
[36mDEBUG [web-server]: [39mserving: /media/d1/code/agenda/frontend/app/bower_components/angular-mocks/angular-mocks.js
[36mDEBUG [web-server]: [39mserving: /media/d1/code/agenda/frontend/app/bower_components/angular-resource/angular-resource.js
[36mDEBUG [web-server]: [39mserving: /media/d1/code/agenda/frontend/app/bower_components/angular-cookies/angular-cookies.js
[36mDEBUG [web-server]: [39mserving: /media/d1/code/agenda/frontend/app/bower_components/angular/angular.js
[36mDEBUG [web-server]: [39mserving: /media/d1/code/agenda/frontend/app/bower_components/angular-sanitize/angular-sanitize.js
[36mDEBUG [web-server]: [39mserving: /media/d1/code/agenda/frontend/app/bower_components/angular-route/angular-route.js
[36mDEBUG [web-server]: [39mserving: /media/d1/code/agenda/frontend/app/bower_components/angular-bootstrap/ui-bootstrap-tpls.js
[36mDEBUG [web-server]: [39mserving: /media/d1/code/agenda/frontend/.tmp/ui-templates.js
[36mDEBUG [web-server]: [39mserving: /media/d1/code/agenda/frontend/app/ext_components/angular-file-upload.js
[36mDEBUG [web-server]: [39mserving: /media/d1/code/agenda/frontend/app/bower_components/angular-ui-growl/src/growl.js
[36mDEBUG [web-server]: [39mserving: /media/d1/code/agenda/frontend/app/scripts/app.js
[36mDEBUG [web-server]: [39mserving: /media/d1/code/agenda/frontend/app/scripts/controllers/about.js
[36mDEBUG [web-server]: [39mserving: /media/d1/code/agenda/frontend/app/scripts/controllers/event.js
[36mDEBUG [web-server]: [39mserving: /media/d1/code/agenda/frontend/app/scripts/controllers/invalidConfirmation.js
[36mDEBUG [web-server]: [39mserving: /media/d1/code/agenda/frontend/app/scripts/controllers/login.js
[36mDEBUG [web-server]: [39mserving: /media/d1/code/agenda/frontend/app/scripts/controllers/main.js
[36mDEBUG [web-server]: [39mserving: /media/d1/code/agenda/frontend/app/scripts/controllers/panel.js
[36mDEBUG [web-server]: [39mserving: /media/d1/code/agenda/frontend/app/scripts/controllers/setPwd.js
[36mDEBUG [web-server]: [39mserving: /media/d1/code/agenda/frontend/app/scripts/controllers/signup.js
[36mDEBUG [web-server]: [39mserving: /media/d1/code/agenda/frontend/app/scripts/controllers/signupConfirmation.js
[36mDEBUG [web-server]: [39mserving: /media/d1/code/agenda/frontend/app/scripts/directives/infoPanel.js
[36mDEBUG [web-server]: [39mserving: /media/d1/code/agenda/frontend/app/scripts/directives/ngClearFix.js
[36mDEBUG [web-server]: [39mserving: /media/d1/code/agenda/frontend/app/scripts/directives/ngDateFix.js
[36mDEBUG [web-server]: [39mserving: /media/d1/code/agenda/frontend/app/scripts/directives/ngFormAutofillFix.js
[36mDEBUG [web-server]: [39mserving: /media/d1/code/agenda/frontend/app/scripts/directives/ngSameAs.js
[36mDEBUG [web-server]: [39mserving: /media/d1/code/agenda/frontend/app/scripts/directives/ngServerError.js
[36mDEBUG [web-server]: [39mserving: /media/d1/code/agenda/frontend/app/scripts/directives/ngThumb.js
[36mDEBUG [web-server]: [39mserving: /media/d1/code/agenda/frontend/app/scripts/directives/timepicker.js
[36mDEBUG [web-server]: [39mserving: /media/d1/code/agenda/frontend/app/scripts/services/appBackend.js
[36mDEBUG [web-server]: [39mserving: /media/d1/code/agenda/frontend/app/scripts/services/confirmDialog.js
[36mDEBUG [web-server]: [39mserving: /media/d1/code/agenda/frontend/app/scripts/services/i18n.js
[36mDEBUG [web-server]: [39mserving: /media/d1/code/agenda/frontend/app/scripts/services/msgPanel.js
[36mDEBUG [web-server]: [39mserving: /media/d1/code/agenda/frontend/app/scripts/services/progressbar.js
[36mDEBUG [web-server]: [39mserving: /media/d1/code/agenda/frontend/app/scripts/services/responseInterceptor.js
[36mDEBUG [web-server]: [39mserving: /media/d1/code/agenda/frontend/app/scripts/services/serverError.js
[36mDEBUG [web-server]: [39mserving: /media/d1/code/agenda/frontend/test/mock/services/progressbar.js
[36mDEBUG [web-server]: [39mserving: /media/d1/code/agenda/frontend/test/spec/controllers/about.js
[36mDEBUG [web-server]: [39mserving: /media/d1/code/agenda/frontend/test/spec/controllers/event.js
[36mDEBUG [web-server]: [39mserving: /media/d1/code/agenda/frontend/test/spec/controllers/login.js
[36mDEBUG [web-server]: [39mserving: /media/d1/code/agenda/frontend/test/spec/controllers/main.js
[36mDEBUG [web-server]: [39mserving: /media/d1/code/agenda/frontend/test/spec/controllers/panel.js
[36mDEBUG [web-server]: [39mserving: /media/d1/code/agenda/frontend/test/spec/controllers/signup.js
[31mFirefox 26.0.0 (Ubuntu) Controller: AboutCtrl should attach a list of awesomeThings to the scope FAILED[39m
	minErr/<@/media/d1/code/agenda/frontend/app/bower_components/angular/angular.js:78
	loadModules/<@/media/d1/code/agenda/frontend/app/bower_components/angular/angular.js:3627
	forEach@/media/d1/code/agenda/frontend/app/bower_components/angular/angular.js:300
	loadModules@/media/d1/code/agenda/frontend/app/bower_components/angular/angular.js:3592
	createInjector@/media/d1/code/agenda/frontend/app/bower_components/angular/angular.js:3532
	workFn@/media/d1/code/agenda/frontend/app/bower_components/angular-mocks/angular-mocks.js:2097
	
	TypeError: scope is undefined in /media/d1/code/agenda/frontend/test/spec/controllers/about.js (line 20)
	@/media/d1/code/agenda/frontend/test/spec/controllers/about.js:20
	
Firefox 26.0.0 (Ubuntu): Executed 1 of 43[31m (1 FAILED)[39m (0 secs / 0.01 secs)
[1A[2K[31mFirefox 26.0.0 (Ubuntu) Controller: EventCtrl should create "event" model based on data fetched from xhr FAILED[39m
	minErr/<@/media/d1/code/agenda/frontend/app/bower_components/angular/angular.js:78
	loadModules/<@/media/d1/code/agenda/frontend/app/bower_components/angular/angular.js:3627
	forEach@/media/d1/code/agenda/frontend/app/bower_components/angular/angular.js:300
	loadModules@/media/d1/code/agenda/frontend/app/bower_components/angular/angular.js:3592
	createInjector@/media/d1/code/agenda/frontend/app/bower_components/angular/angular.js:3532
	workFn@/media/d1/code/agenda/frontend/app/bower_components/angular-mocks/angular-mocks.js:2097
	
	TypeError: $httpBackend is undefined in /media/d1/code/agenda/frontend/test/spec/controllers/event.js (line 22)
	@/media/d1/code/agenda/frontend/test/spec/controllers/event.js:22
	
Firefox 26.0.0 (Ubuntu): Executed 2 of 43[31m (2 FAILED)[39m (0 secs / 0.014 secs)
[1A[2K[31mFirefox 26.0.0 (Ubuntu) Controller: EventCtrl should handle error response from server FAILED[39m
	minErr/<@/media/d1/code/agenda/frontend/app/bower_components/angular/angular.js:78
	loadModules/<@/media/d1/code/agenda/frontend/app/bower_components/angular/angular.js:3627
	forEach@/media/d1/code/agenda/frontend/app/bower_components/angular/angular.js:300
	loadModules@/media/d1/code/agenda/frontend/app/bower_components/angular/angular.js:3592
	createInjector@/media/d1/code/agenda/frontend/app/bower_components/angular/angular.js:3532
	workFn@/media/d1/code/agenda/frontend/app/bower_components/angular-mocks/angular-mocks.js:2097
	
	TypeError: $httpBackend is undefined in /media/d1/code/agenda/frontend/test/spec/controllers/event.js (line 31)
	@/media/d1/code/agenda/frontend/test/spec/controllers/event.js:31
	
Firefox 26.0.0 (Ubuntu): Executed 3 of 43[31m (3 FAILED)[39m (0 secs / 0.017 secs)
[1A[2K[31mFirefox 26.0.0 (Ubuntu) Controller: LoginCtrl should attach a list of awesomeThings to the scope FAILED[39m
	minErr/<@/media/d1/code/agenda/frontend/app/bower_components/angular/angular.js:78
	loadModules/<@/media/d1/code/agenda/frontend/app/bower_components/angular/angular.js:3627
	forEach@/media/d1/code/agenda/frontend/app/bower_components/angular/angular.js:300
	loadModules@/media/d1/code/agenda/frontend/app/bower_components/angular/angular.js:3592
	createInjector@/media/d1/code/agenda/frontend/app/bower_components/angular/angular.js:3532
	workFn@/media/d1/code/agenda/frontend/app/bower_components/angular-mocks/angular-mocks.js:2097
	
	TypeError: scope is undefined in /media/d1/code/agenda/frontend/test/spec/controllers/login.js (line 20)
	@/media/d1/code/agenda/frontend/test/spec/controllers/login.js:20
	
Firefox 26.0.0 (Ubuntu): Executed 4 of 43[31m (4 FAILED)[39m (0 secs / 0.021 secs)
[1A[2K[31mFirefox 26.0.0 (Ubuntu) Controller: MainCtrl should toggle right panel FAILED[39m
	minErr/<@/media/d1/code/agenda/frontend/app/bower_components/angular/angular.js:78
	loadModules/<@/media/d1/code/agenda/frontend/app/bower_components/angular/angular.js:3627
	forEach@/media/d1/code/agenda/frontend/app/bower_components/angular/angular.js:300
	loadModules@/media/d1/code/agenda/frontend/app/bower_components/angular/angular.js:3592
	createInjector@/media/d1/code/agenda/frontend/app/bower_components/angular/angular.js:3532
	workFn@/media/d1/code/agenda/frontend/app/bower_components/angular-mocks/angular-mocks.js:2097
	
	TypeError: scope is undefined in /media/d1/code/agenda/frontend/test/spec/controllers/main.js (line 105)
	@/media/d1/code/agenda/frontend/test/spec/controllers/main.js:105
	
Firefox 26.0.0 (Ubuntu): Executed 5 of 43[31m (5 FAILED)[39m (0 secs / 0.025 secs)
[1A[2K[31mFirefox 26.0.0 (Ubuntu) Controller: MainCtrl should toggle left panel FAILED[39m
	minErr/<@/media/d1/code/agenda/frontend/app/bower_components/angular/angular.js:78
	loadModules/<@/media/d1/code/agenda/frontend/app/bower_components/angular/angular.js:3627
	forEach@/media/d1/code/agenda/frontend/app/bower_components/angular/angular.js:300
	loadModules@/media/d1/code/agenda/frontend/app/bower_components/angular/angular.js:3592
	createInjector@/media/d1/code/agenda/frontend/app/bower_components/angular/angular.js:3532
	workFn@/media/d1/code/agenda/frontend/app/bower_components/angular-mocks/angular-mocks.js:2097
	
	TypeError: scope is undefined in /media/d1/code/agenda/frontend/test/spec/controllers/main.js (line 113)
	@/media/d1/code/agenda/frontend/test/spec/controllers/main.js:113
	
Firefox 26.0.0 (Ubuntu): Executed 6 of 43[31m (6 FAILED)[39m (0 secs / 0.028 secs)
[1A[2K[31mFirefox 26.0.0 (Ubuntu) Controller: MainCtrl should create "categories" model with entries fetched from xhr FAILED[39m
	minErr/<@/media/d1/code/agenda/frontend/app/bower_components/angular/angular.js:78
	loadModules/<@/media/d1/code/agenda/frontend/app/bower_components/angular/angular.js:3627
	forEach@/media/d1/code/agenda/frontend/app/bower_components/angular/angular.js:300
	loadModules@/media/d1/code/agenda/frontend/app/bower_components/angular/angular.js:3592
	createInjector@/media/d1/code/agenda/frontend/app/bower_components/angular/angular.js:3532
	workFn@/media/d1/code/agenda/frontend/app/bower_components/angular-mocks/angular-mocks.js:2097
	
	TypeError: $httpBackend is undefined in /media/d1/code/agenda/frontend/test/spec/controllers/main.js (line 121)
	@/media/d1/code/agenda/frontend/test/spec/controllers/main.js:121
	
Firefox 26.0.0 (Ubuntu): Executed 7 of 43[31m (7 FAILED)[39m (0 secs / 0.031 secs)
[1A[2K[31mFirefox 26.0.0 (Ubuntu) Controller: MainCtrl should change active category to another category FAILED[39m
	minErr/<@/media/d1/code/agenda/frontend/app/bower_components/angular/angular.js:78
	loadModules/<@/media/d1/code/agenda/frontend/app/bower_components/angular/angular.js:3627
	forEach@/media/d1/code/agenda/frontend/app/bower_components/angular/angular.js:300
	loadModules@/media/d1/code/agenda/frontend/app/bower_components/angular/angular.js:3592
	createInjector@/media/d1/code/agenda/frontend/app/bower_components/angular/angular.js:3532
	workFn@/media/d1/code/agenda/frontend/app/bower_components/angular-mocks/angular-mocks.js:2097
	
	TypeError: $httpBackend is undefined in /media/d1/code/agenda/frontend/test/spec/controllers/main.js (line 135)
	@/media/d1/code/agenda/frontend/test/spec/controllers/main.js:135
	
Firefox 26.0.0 (Ubuntu): Executed 8 of 43[31m (8 FAILED)[39m (0 secs / 0.034 secs)
[1A[2K[31mFirefox 26.0.0 (Ubuntu) Controller: MainCtrl should change institution to all having changed a category FAILED[39m
	minErr/<@/media/d1/code/agenda/frontend/app/bower_components/angular/angular.js:78
	loadModules/<@/media/d1/code/agenda/frontend/app/bower_components/angular/angular.js:3627
	forEach@/media/d1/code/agenda/frontend/app/bower_components/angular/angular.js:300
	loadModules@/media/d1/code/agenda/frontend/app/bower_components/angular/angular.js:3592
	createInjector@/media/d1/code/agenda/frontend/app/bower_components/angular/angular.js:3532
	workFn@/media/d1/code/agenda/frontend/app/bower_components/angular-mocks/angular-mocks.js:2097
	
	TypeError: $httpBackend is undefined in /media/d1/code/agenda/frontend/test/spec/controllers/main.js (line 151)
	@/media/d1/code/agenda/frontend/test/spec/controllers/main.js:151
	
Firefox 26.0.0 (Ubuntu): Executed 9 of 43[31m (9 FAILED)[39m (0 secs / 0.037 secs)
[1A[2K[31mFirefox 26.0.0 (Ubuntu) Controller: MainCtrl should create "intitutions" model with entries fetched from xhr FAILED[39m
	minErr/<@/media/d1/code/agenda/frontend/app/bower_components/angular/angular.js:78
	loadModules/<@/media/d1/code/agenda/frontend/app/bower_components/angular/angular.js:3627
	forEach@/media/d1/code/agenda/frontend/app/bower_components/angular/angular.js:300
	loadModules@/media/d1/code/agenda/frontend/app/bower_components/angular/angular.js:3592
	createInjector@/media/d1/code/agenda/frontend/app/bower_components/angular/angular.js:3532
	workFn@/media/d1/code/agenda/frontend/app/bower_components/angular-mocks/angular-mocks.js:2097
	
	TypeError: $httpBackend is undefined in /media/d1/code/agenda/frontend/test/spec/controllers/main.js (line 161)
	@/media/d1/code/agenda/frontend/test/spec/controllers/main.js:161
	
Firefox 26.0.0 (Ubuntu): Executed 10 of 43[31m (10 FAILED)[39m (0 secs / 0.04 secs)
[1A[2K[31mFirefox 26.0.0 (Ubuntu) Controller: MainCtrl should change active institution to another institution FAILED[39m
	minErr/<@/media/d1/code/agenda/frontend/app/bower_components/angular/angular.js:78
	loadModules/<@/media/d1/code/agenda/frontend/app/bower_components/angular/angular.js:3627
	forEach@/media/d1/code/agenda/frontend/app/bower_components/angular/angular.js:300
	loadModules@/media/d1/code/agenda/frontend/app/bower_components/angular/angular.js:3592
	createInjector@/media/d1/code/agenda/frontend/app/bower_components/angular/angular.js:3532
	workFn@/media/d1/code/agenda/frontend/app/bower_components/angular-mocks/angular-mocks.js:2097
	
	TypeError: $httpBackend is undefined in /media/d1/code/agenda/frontend/test/spec/controllers/main.js (line 177)
	@/media/d1/code/agenda/frontend/test/spec/controllers/main.js:177
	
Firefox 26.0.0 (Ubuntu): Executed 11 of 43[31m (11 FAILED)[39m (0 secs / 0.044 secs)
[1A[2K[31mFirefox 26.0.0 (Ubuntu) Controller: MainCtrl should create "week menu" with entries fetched from xhr FAILED[39m
	minErr/<@/media/d1/code/agenda/frontend/app/bower_components/angular/angular.js:78
	loadModules/<@/media/d1/code/agenda/frontend/app/bower_components/angular/angular.js:3627
	forEach@/media/d1/code/agenda/frontend/app/bower_components/angular/angular.js:300
	loadModules@/media/d1/code/agenda/frontend/app/bower_components/angular/angular.js:3592
	createInjector@/media/d1/code/agenda/frontend/app/bower_components/angular/angular.js:3532
	workFn@/media/d1/code/agenda/frontend/app/bower_components/angular-mocks/angular-mocks.js:2097
	
	TypeError: $httpBackend is undefined in /media/d1/code/agenda/frontend/test/spec/controllers/main.js (line 193)
	@/media/d1/code/agenda/frontend/test/spec/controllers/main.js:193
	
Firefox 26.0.0 (Ubuntu): Executed 12 of 43[31m (12 FAILED)[39m (0 secs / 0.047 secs)
[1A[2K[31mFirefox 26.0.0 (Ubuntu) Controller: MainCtrl should change events day to a day picked up from a calendar FAILED[39m
	minErr/<@/media/d1/code/agenda/frontend/app/bower_components/angular/angular.js:78
	loadModules/<@/media/d1/code/agenda/frontend/app/bower_components/angular/angular.js:3627
	forEach@/media/d1/code/agenda/frontend/app/bower_components/angular/angular.js:300
	loadModules@/media/d1/code/agenda/frontend/app/bower_components/angular/angular.js:3592
	createInjector@/media/d1/code/agenda/frontend/app/bower_components/angular/angular.js:3532
	workFn@/media/d1/code/agenda/frontend/app/bower_components/angular-mocks/angular-mocks.js:2097
	
	TypeError: $httpBackend is undefined in /media/d1/code/agenda/frontend/test/spec/controllers/main.js (line 208)
	@/media/d1/code/agenda/frontend/test/spec/controllers/main.js:208
	
Firefox 26.0.0 (Ubuntu): Executed 13 of 43[31m (13 FAILED)[39m (0 secs / 0.049 secs)
[1A[2K[31mFirefox 26.0.0 (Ubuntu) Controller: MainCtrl should pick up another day from a calendar FAILED[39m
	minErr/<@/media/d1/code/agenda/frontend/app/bower_components/angular/angular.js:78
	loadModules/<@/media/d1/code/agenda/frontend/app/bower_components/angular/angular.js:3627
	forEach@/media/d1/code/agenda/frontend/app/bower_components/angular/angular.js:300
	loadModules@/media/d1/code/agenda/frontend/app/bower_components/angular/angular.js:3592
	createInjector@/media/d1/code/agenda/frontend/app/bower_components/angular/angular.js:3532
	workFn@/media/d1/code/agenda/frontend/app/bower_components/angular-mocks/angular-mocks.js:2097
	
	TypeError: $httpBackend is undefined in /media/d1/code/agenda/frontend/test/spec/controllers/main.js (line 227)
	@/media/d1/code/agenda/frontend/test/spec/controllers/main.js:227
	
Firefox 26.0.0 (Ubuntu): Executed 14 of 43[31m (14 FAILED)[39m (0 secs / 0.052 secs)
[1A[2K[31mFirefox 26.0.0 (Ubuntu) Controller: MainCtrl should not trigger request if date from a calendar has not changed FAILED[39m
	minErr/<@/media/d1/code/agenda/frontend/app/bower_components/angular/angular.js:78
	loadModules/<@/media/d1/code/agenda/frontend/app/bower_components/angular/angular.js:3627
	forEach@/media/d1/code/agenda/frontend/app/bower_components/angular/angular.js:300
	loadModules@/media/d1/code/agenda/frontend/app/bower_components/angular/angular.js:3592
	createInjector@/media/d1/code/agenda/frontend/app/bower_components/angular/angular.js:3532
	workFn@/media/d1/code/agenda/frontend/app/bower_components/angular-mocks/angular-mocks.js:2097
	
	TypeError: $httpBackend is undefined in /media/d1/code/agenda/frontend/test/spec/controllers/main.js (line 243)
	@/media/d1/code/agenda/frontend/test/spec/controllers/main.js:243
	
Firefox 26.0.0 (Ubuntu): Executed 15 of 43[31m (15 FAILED)[39m (0 secs / 0.054 secs)
[1A[2K[31mFirefox 26.0.0 (Ubuntu) Controller: MainCtrl should set calendar value to null if changed to other option FAILED[39m
	minErr/<@/media/d1/code/agenda/frontend/app/bower_components/angular/angular.js:78
	loadModules/<@/media/d1/code/agenda/frontend/app/bower_components/angular/angular.js:3627
	forEach@/media/d1/code/agenda/frontend/app/bower_components/angular/angular.js:300
	loadModules@/media/d1/code/agenda/frontend/app/bower_components/angular/angular.js:3592
	createInjector@/media/d1/code/agenda/frontend/app/bower_components/angular/angular.js:3532
	workFn@/media/d1/code/agenda/frontend/app/bower_components/angular-mocks/angular-mocks.js:2097
	
	TypeError: $httpBackend is undefined in /media/d1/code/agenda/frontend/test/spec/controllers/main.js (line 257)
	@/media/d1/code/agenda/frontend/test/spec/controllers/main.js:257
	
Firefox 26.0.0 (Ubuntu): Executed 16 of 43[31m (16 FAILED)[39m (0 secs / 0.057 secs)
[1A[2K[31mFirefox 26.0.0 (Ubuntu) Controller: MainCtrl should create models for events with entries fetched from xhr FAILED[39m
	minErr/<@/media/d1/code/agenda/frontend/app/bower_components/angular/angular.js:78
	loadModules/<@/media/d1/code/agenda/frontend/app/bower_components/angular/angular.js:3627
	forEach@/media/d1/code/agenda/frontend/app/bower_components/angular/angular.js:300
	loadModules@/media/d1/code/agenda/frontend/app/bower_components/angular/angular.js:3592
	createInjector@/media/d1/code/agenda/frontend/app/bower_components/angular/angular.js:3532
	workFn@/media/d1/code/agenda/frontend/app/bower_components/angular-mocks/angular-mocks.js:2097
	
	TypeError: $httpBackend is undefined in /media/d1/code/agenda/frontend/test/spec/controllers/main.js (line 273)
	@/media/d1/code/agenda/frontend/test/spec/controllers/main.js:273
	
Firefox 26.0.0 (Ubuntu): Executed 17 of 43[31m (17 FAILED)[39m (0 secs / 0.059 secs)
[1A[2K[31mFirefox 26.0.0 (Ubuntu) Controller: MainCtrl should change events day but active institution should stay FAILED[39m
	minErr/<@/media/d1/code/agenda/frontend/app/bower_components/angular/angular.js:78
	loadModules/<@/media/d1/code/agenda/frontend/app/bower_components/angular/angular.js:3627
	forEach@/media/d1/code/agenda/frontend/app/bower_components/angular/angular.js:300
	loadModules@/media/d1/code/agenda/frontend/app/bower_components/angular/angular.js:3592
	createInjector@/media/d1/code/agenda/frontend/app/bower_components/angular/angular.js:3532
	workFn@/media/d1/code/agenda/frontend/app/bower_components/angular-mocks/angular-mocks.js:2097
	
	TypeError: $httpBackend is undefined in /media/d1/code/agenda/frontend/test/spec/controllers/main.js (line 281)
	@/media/d1/code/agenda/frontend/test/spec/controllers/main.js:281
	
Firefox 26.0.0 (Ubuntu): Executed 18 of 43[31m (18 FAILED)[39m (0 secs / 0.062 secs)
[1A[2K[31mFirefox 26.0.0 (Ubuntu) Controller: MainCtrl should change events day but active institution should stay even if no events for the institution FAILED[39m
	minErr/<@/media/d1/code/agenda/frontend/app/bower_components/angular/angular.js:78
	loadModules/<@/media/d1/code/agenda/frontend/app/bower_components/angular/angular.js:3627
	forEach@/media/d1/code/agenda/frontend/app/bower_components/angular/angular.js:300
	loadModules@/media/d1/code/agenda/frontend/app/bower_components/angular/angular.js:3592
	createInjector@/media/d1/code/agenda/frontend/app/bower_components/angular/angular.js:3532
	workFn@/media/d1/code/agenda/frontend/app/bower_components/angular-mocks/angular-mocks.js:2097
	
	TypeError: $httpBackend is undefined in /media/d1/code/agenda/frontend/test/spec/controllers/main.js (line 299)
	@/media/d1/code/agenda/frontend/test/spec/controllers/main.js:299
	
Firefox 26.0.0 (Ubuntu): Executed 19 of 43[31m (19 FAILED)[39m (0 secs / 0.064 secs)
[1A[2K[31mFirefox 26.0.0 (Ubuntu) Controller: MainCtrl should cache user settings FAILED[39m
	minErr/<@/media/d1/code/agenda/frontend/app/bower_components/angular/angular.js:78
	loadModules/<@/media/d1/code/agenda/frontend/app/bower_components/angular/angular.js:3627
	forEach@/media/d1/code/agenda/frontend/app/bower_components/angular/angular.js:300
	loadModules@/media/d1/code/agenda/frontend/app/bower_components/angular/angular.js:3592
	createInjector@/media/d1/code/agenda/frontend/app/bower_components/angular/angular.js:3532
	workFn@/media/d1/code/agenda/frontend/app/bower_components/angular-mocks/angular-mocks.js:2097
	
	TypeError: $httpBackend is undefined in /media/d1/code/agenda/frontend/test/spec/controllers/main.js (line 359)
	@/media/d1/code/agenda/frontend/test/spec/controllers/main.js:359
	
Firefox 26.0.0 (Ubuntu): Executed 20 of 43[31m (20 FAILED)[39m (0 secs / 0.066 secs)
[1A[2K[31mFirefox 26.0.0 (Ubuntu) Controller: MainCtrl should initialize model with cached settings FAILED[39m
	minErr/<@/media/d1/code/agenda/frontend/app/bower_components/angular/angular.js:78
	loadModules/<@/media/d1/code/agenda/frontend/app/bower_components/angular/angular.js:3627
	forEach@/media/d1/code/agenda/frontend/app/bower_components/angular/angular.js:300
	loadModules@/media/d1/code/agenda/frontend/app/bower_components/angular/angular.js:3592
	createInjector@/media/d1/code/agenda/frontend/app/bower_components/angular/angular.js:3532
	workFn@/media/d1/code/agenda/frontend/app/bower_components/angular-mocks/angular-mocks.js:2097
	
	TypeError: $httpBackend is undefined in /media/d1/code/agenda/frontend/test/spec/controllers/main.js (line 380)
	@/media/d1/code/agenda/frontend/test/spec/controllers/main.js:380
	
Firefox 26.0.0 (Ubuntu): Executed 21 of 43[31m (21 FAILED)[39m (0 secs / 0.069 secs)
[1A[2K[31mFirefox 26.0.0 (Ubuntu) Controller: PanelCtrl should initialize model with view of institution details FAILED[39m
	minErr/<@/media/d1/code/agenda/frontend/app/bower_components/angular/angular.js:78
	loadModules/<@/media/d1/code/agenda/frontend/app/bower_components/angular/angular.js:3627
	forEach@/media/d1/code/agenda/frontend/app/bower_components/angular/angular.js:300
	loadModules@/media/d1/code/agenda/frontend/app/bower_components/angular/angular.js:3592
	createInjector@/media/d1/code/agenda/frontend/app/bower_components/angular/angular.js:3532
	workFn@/media/d1/code/agenda/frontend/app/bower_components/angular-mocks/angular-mocks.js:2097
	
	TypeError: $controller is not a function in /media/d1/code/agenda/frontend/test/spec/controllers/panel.js (line 50)
	@/media/d1/code/agenda/frontend/test/spec/controllers/panel.js:50
	
Firefox 26.0.0 (Ubuntu): Executed 22 of 43[31m (22 FAILED)[39m (0 secs / 0.071 secs)
[1A[2K[31mFirefox 26.0.0 (Ubuntu) Controller: PanelCtrl should put inst data and handle successful response having clicked save FAILED[39m
	minErr/<@/media/d1/code/agenda/frontend/app/bower_components/angular/angular.js:78
	loadModules/<@/media/d1/code/agenda/frontend/app/bower_components/angular/angular.js:3627
	forEach@/media/d1/code/agenda/frontend/app/bower_components/angular/angular.js:300
	loadModules@/media/d1/code/agenda/frontend/app/bower_components/angular/angular.js:3592
	createInjector@/media/d1/code/agenda/frontend/app/bower_components/angular/angular.js:3532
	workFn@/media/d1/code/agenda/frontend/app/bower_components/angular-mocks/angular-mocks.js:2097
	
	TypeError: $controller is not a function in /media/d1/code/agenda/frontend/test/spec/controllers/panel.js (line 61)
	@/media/d1/code/agenda/frontend/test/spec/controllers/panel.js:61
	
Firefox 26.0.0 (Ubuntu): Executed 23 of 43[31m (23 FAILED)[39m (0 secs / 0.073 secs)
[1A[2K[31mFirefox 26.0.0 (Ubuntu) Controller: PanelCtrl should put inst data and handle unsuccessful response having clicked save FAILED[39m
	minErr/<@/media/d1/code/agenda/frontend/app/bower_components/angular/angular.js:78
	loadModules/<@/media/d1/code/agenda/frontend/app/bower_components/angular/angular.js:3627
	forEach@/media/d1/code/agenda/frontend/app/bower_components/angular/angular.js:300
	loadModules@/media/d1/code/agenda/frontend/app/bower_components/angular/angular.js:3592
	createInjector@/media/d1/code/agenda/frontend/app/bower_components/angular/angular.js:3532
	workFn@/media/d1/code/agenda/frontend/app/bower_components/angular-mocks/angular-mocks.js:2097
	
	TypeError: $controller is not a function in /media/d1/code/agenda/frontend/test/spec/controllers/panel.js (line 75)
	@/media/d1/code/agenda/frontend/test/spec/controllers/panel.js:75
	
Firefox 26.0.0 (Ubuntu): Executed 24 of 43[31m (24 FAILED)[39m (0 secs / 0.075 secs)
[1A[2K[31mFirefox 26.0.0 (Ubuntu) Controller: PanelCtrl should post inst data and handle unexpected error having clicked save FAILED[39m
	minErr/<@/media/d1/code/agenda/frontend/app/bower_components/angular/angular.js:78
	loadModules/<@/media/d1/code/agenda/frontend/app/bower_components/angular/angular.js:3627
	forEach@/media/d1/code/agenda/frontend/app/bower_components/angular/angular.js:300
	loadModules@/media/d1/code/agenda/frontend/app/bower_components/angular/angular.js:3592
	createInjector@/media/d1/code/agenda/frontend/app/bower_components/angular/angular.js:3532
	workFn@/media/d1/code/agenda/frontend/app/bower_components/angular-mocks/angular-mocks.js:2097
	
	TypeError: $controller is not a function in /media/d1/code/agenda/frontend/test/spec/controllers/panel.js (line 89)
	@/media/d1/code/agenda/frontend/test/spec/controllers/panel.js:89
	
Firefox 26.0.0 (Ubuntu): Executed 25 of 43[31m (25 FAILED)[39m (0 secs / 0.077 secs)
[1A[2K[31mFirefox 26.0.0 (Ubuntu) Controller: PanelCtrl should not post inst data if form is invalid having clicked save FAILED[39m
	minErr/<@/media/d1/code/agenda/frontend/app/bower_components/angular/angular.js:78
	loadModules/<@/media/d1/code/agenda/frontend/app/bower_components/angular/angular.js:3627
	forEach@/media/d1/code/agenda/frontend/app/bower_components/angular/angular.js:300
	loadModules@/media/d1/code/agenda/frontend/app/bower_components/angular/angular.js:3592
	createInjector@/media/d1/code/agenda/frontend/app/bower_components/angular/angular.js:3532
	workFn@/media/d1/code/agenda/frontend/app/bower_components/angular-mocks/angular-mocks.js:2097
	
	TypeError: $controller is not a function in /media/d1/code/agenda/frontend/test/spec/controllers/panel.js (line 103)
	@/media/d1/code/agenda/frontend/test/spec/controllers/panel.js:103
	
Firefox 26.0.0 (Ubuntu): Executed 26 of 43[31m (26 FAILED)[39m (0 secs / 0.08 secs)
[1A[2K[31mFirefox 26.0.0 (Ubuntu) Controller: PanelCtrl should initialize model with view of a new event FAILED[39m
	minErr/<@/media/d1/code/agenda/frontend/app/bower_components/angular/angular.js:78
	loadModules/<@/media/d1/code/agenda/frontend/app/bower_components/angular/angular.js:3627
	forEach@/media/d1/code/agenda/frontend/app/bower_components/angular/angular.js:300
	loadModules@/media/d1/code/agenda/frontend/app/bower_components/angular/angular.js:3592
	createInjector@/media/d1/code/agenda/frontend/app/bower_components/angular/angular.js:3532
	workFn@/media/d1/code/agenda/frontend/app/bower_components/angular-mocks/angular-mocks.js:2097
	
	TypeError: $routeParams is undefined in /media/d1/code/agenda/frontend/test/spec/controllers/panel.js (line 113)
	@/media/d1/code/agenda/frontend/test/spec/controllers/panel.js:113
	
Firefox 26.0.0 (Ubuntu): Executed 27 of 43[31m (27 FAILED)[39m (0 secs / 0.083 secs)
[1A[2K[31mFirefox 26.0.0 (Ubuntu) Controller: PanelCtrl should add a new place / date / price section initialized with previous values FAILED[39m
	minErr/<@/media/d1/code/agenda/frontend/app/bower_components/angular/angular.js:78
	loadModules/<@/media/d1/code/agenda/frontend/app/bower_components/angular/angular.js:3627
	forEach@/media/d1/code/agenda/frontend/app/bower_components/angular/angular.js:300
	loadModules@/media/d1/code/agenda/frontend/app/bower_components/angular/angular.js:3592
	createInjector@/media/d1/code/agenda/frontend/app/bower_components/angular/angular.js:3532
	workFn@/media/d1/code/agenda/frontend/app/bower_components/angular-mocks/angular-mocks.js:2097
	
	TypeError: $routeParams is undefined in /media/d1/code/agenda/frontend/test/spec/controllers/panel.js (line 128)
	@/media/d1/code/agenda/frontend/test/spec/controllers/panel.js:128
	
Firefox 26.0.0 (Ubuntu): Executed 28 of 43[31m (28 FAILED)[39m (0 secs / 0.085 secs)
[1A[2K[31mFirefox 26.0.0 (Ubuntu) Controller: PanelCtrl should remove a place / date / price section FAILED[39m
	minErr/<@/media/d1/code/agenda/frontend/app/bower_components/angular/angular.js:78
	loadModules/<@/media/d1/code/agenda/frontend/app/bower_components/angular/angular.js:3627
	forEach@/media/d1/code/agenda/frontend/app/bower_components/angular/angular.js:300
	loadModules@/media/d1/code/agenda/frontend/app/bower_components/angular/angular.js:3592
	createInjector@/media/d1/code/agenda/frontend/app/bower_components/angular/angular.js:3532
	workFn@/media/d1/code/agenda/frontend/app/bower_components/angular-mocks/angular-mocks.js:2097
	
	TypeError: $routeParams is undefined in /media/d1/code/agenda/frontend/test/spec/controllers/panel.js (line 147)
	@/media/d1/code/agenda/frontend/test/spec/controllers/panel.js:147
	
Firefox 26.0.0 (Ubuntu): Executed 29 of 43[31m (29 FAILED)[39m (0 secs / 0.087 secs)
[1A[2K[31mFirefox 26.0.0 (Ubuntu) Controller: PanelCtrl should allow to remove a place / date / price section FAILED[39m
	minErr/<@/media/d1/code/agenda/frontend/app/bower_components/angular/angular.js:78
	loadModules/<@/media/d1/code/agenda/frontend/app/bower_components/angular/angular.js:3627
	forEach@/media/d1/code/agenda/frontend/app/bower_components/angular/angular.js:300
	loadModules@/media/d1/code/agenda/frontend/app/bower_components/angular/angular.js:3592
	createInjector@/media/d1/code/agenda/frontend/app/bower_components/angular/angular.js:3532
	workFn@/media/d1/code/agenda/frontend/app/bower_components/angular-mocks/angular-mocks.js:2097
	
	TypeError: $routeParams is undefined in /media/d1/code/agenda/frontend/test/spec/controllers/panel.js (line 162)
	@/media/d1/code/agenda/frontend/test/spec/controllers/panel.js:162
	
Firefox 26.0.0 (Ubuntu): Executed 30 of 43[31m (30 FAILED)[39m (0 secs / 0.089 secs)
[1A[2K[31mFirefox 26.0.0 (Ubuntu) Controller: PanelCtrl should not allow to remove a place / date / price section if it is readonly FAILED[39m
	minErr/<@/media/d1/code/agenda/frontend/app/bower_components/angular/angular.js:78
	loadModules/<@/media/d1/code/agenda/frontend/app/bower_components/angular/angular.js:3627
	forEach@/media/d1/code/agenda/frontend/app/bower_components/angular/angular.js:300
	loadModules@/media/d1/code/agenda/frontend/app/bower_components/angular/angular.js:3592
	createInjector@/media/d1/code/agenda/frontend/app/bower_components/angular/angular.js:3532
	workFn@/media/d1/code/agenda/frontend/app/bower_components/angular-mocks/angular-mocks.js:2097
	
	TypeError: $routeParams is undefined in /media/d1/code/agenda/frontend/test/spec/controllers/panel.js (line 172)
	@/media/d1/code/agenda/frontend/test/spec/controllers/panel.js:172
	
Firefox 26.0.0 (Ubuntu): Executed 31 of 43[31m (31 FAILED)[39m (0 secs / 0.091 secs)
[1A[2K[31mFirefox 26.0.0 (Ubuntu) Controller: PanelCtrl should not allow to remove a place / date / price section if there is only one FAILED[39m
	minErr/<@/media/d1/code/agenda/frontend/app/bower_components/angular/angular.js:78
	loadModules/<@/media/d1/code/agenda/frontend/app/bower_components/angular/angular.js:3627
	forEach@/media/d1/code/agenda/frontend/app/bower_components/angular/angular.js:300
	loadModules@/media/d1/code/agenda/frontend/app/bower_components/angular/angular.js:3592
	createInjector@/media/d1/code/agenda/frontend/app/bower_components/angular/angular.js:3532
	workFn@/media/d1/code/agenda/frontend/app/bower_components/angular-mocks/angular-mocks.js:2097
	
	TypeError: $routeParams is undefined in /media/d1/code/agenda/frontend/test/spec/controllers/panel.js (line 183)
	@/media/d1/code/agenda/frontend/test/spec/controllers/panel.js:183
	
Firefox 26.0.0 (Ubuntu): Executed 32 of 43[31m (32 FAILED)[39m (0 secs / 0.094 secs)
[1A[2K[31mFirefox 26.0.0 (Ubuntu) Controller: PanelCtrl should post event data and handle successful response having clicked save FAILED[39m
	minErr/<@/media/d1/code/agenda/frontend/app/bower_components/angular/angular.js:78
	loadModules/<@/media/d1/code/agenda/frontend/app/bower_components/angular/angular.js:3627
	forEach@/media/d1/code/agenda/frontend/app/bower_components/angular/angular.js:300
	loadModules@/media/d1/code/agenda/frontend/app/bower_components/angular/angular.js:3592
	createInjector@/media/d1/code/agenda/frontend/app/bower_components/angular/angular.js:3532
	workFn@/media/d1/code/agenda/frontend/app/bower_components/angular-mocks/angular-mocks.js:2097
	
	TypeError: $routeParams is undefined in /media/d1/code/agenda/frontend/test/spec/controllers/panel.js (line 192)
	@/media/d1/code/agenda/frontend/test/spec/controllers/panel.js:192
	
Firefox 26.0.0 (Ubuntu): Executed 33 of 43[31m (33 FAILED)[39m (0 secs / 0.096 secs)
[1A[2K[31mFirefox 26.0.0 (Ubuntu) Controller: PanelCtrl should post event data and handle unsuccessful response having clicked save FAILED[39m
	minErr/<@/media/d1/code/agenda/frontend/app/bower_components/angular/angular.js:78
	loadModules/<@/media/d1/code/agenda/frontend/app/bower_components/angular/angular.js:3627
	forEach@/media/d1/code/agenda/frontend/app/bower_components/angular/angular.js:300
	loadModules@/media/d1/code/agenda/frontend/app/bower_components/angular/angular.js:3592
	createInjector@/media/d1/code/agenda/frontend/app/bower_components/angular/angular.js:3532
	workFn@/media/d1/code/agenda/frontend/app/bower_components/angular-mocks/angular-mocks.js:2097
	
	TypeError: $routeParams is undefined in /media/d1/code/agenda/frontend/test/spec/controllers/panel.js (line 209)
	@/media/d1/code/agenda/frontend/test/spec/controllers/panel.js:209
	
Firefox 26.0.0 (Ubuntu): Executed 34 of 43[31m (34 FAILED)[39m (0 secs / 0.099 secs)
[1A[2K[31mFirefox 26.0.0 (Ubuntu) Controller: PanelCtrl should post event data and handle unexpected error having clicked save FAILED[39m
	minErr/<@/media/d1/code/agenda/frontend/app/bower_components/angular/angular.js:78
	loadModules/<@/media/d1/code/agenda/frontend/app/bower_components/angular/angular.js:3627
	forEach@/media/d1/code/agenda/frontend/app/bower_components/angular/angular.js:300
	loadModules@/media/d1/code/agenda/frontend/app/bower_components/angular/angular.js:3592
	createInjector@/media/d1/code/agenda/frontend/app/bower_components/angular/angular.js:3532
	workFn@/media/d1/code/agenda/frontend/app/bower_components/angular-mocks/angular-mocks.js:2097
	
	TypeError: $routeParams is undefined in /media/d1/code/agenda/frontend/test/spec/controllers/panel.js (line 225)
	@/media/d1/code/agenda/frontend/test/spec/controllers/panel.js:225
	
Firefox 26.0.0 (Ubuntu): Executed 35 of 43[31m (35 FAILED)[39m (0 secs / 0.101 secs)
[1A[2K[31mFirefox 26.0.0 (Ubuntu) Controller: PanelCtrl should not post event data if form is invalid FAILED[39m
	minErr/<@/media/d1/code/agenda/frontend/app/bower_components/angular/angular.js:78
	loadModules/<@/media/d1/code/agenda/frontend/app/bower_components/angular/angular.js:3627
	forEach@/media/d1/code/agenda/frontend/app/bower_components/angular/angular.js:300
	loadModules@/media/d1/code/agenda/frontend/app/bower_components/angular/angular.js:3592
	createInjector@/media/d1/code/agenda/frontend/app/bower_components/angular/angular.js:3532
	workFn@/media/d1/code/agenda/frontend/app/bower_components/angular-mocks/angular-mocks.js:2097
	
	TypeError: $routeParams is undefined in /media/d1/code/agenda/frontend/test/spec/controllers/panel.js (line 241)
	@/media/d1/code/agenda/frontend/test/spec/controllers/panel.js:241
	
Firefox 26.0.0 (Ubuntu): Executed 36 of 43[31m (36 FAILED)[39m (0 secs / 0.103 secs)
[1A[2K[31mFirefox 26.0.0 (Ubuntu) Controller: PanelCtrl should upload picture and post event data FAILED[39m
	minErr/<@/media/d1/code/agenda/frontend/app/bower_components/angular/angular.js:78
	loadModules/<@/media/d1/code/agenda/frontend/app/bower_components/angular/angular.js:3627
	forEach@/media/d1/code/agenda/frontend/app/bower_components/angular/angular.js:300
	loadModules@/media/d1/code/agenda/frontend/app/bower_components/angular/angular.js:3592
	createInjector@/media/d1/code/agenda/frontend/app/bower_components/angular/angular.js:3532
	workFn@/media/d1/code/agenda/frontend/app/bower_components/angular-mocks/angular-mocks.js:2097
	
	TypeError: $routeParams is undefined in /media/d1/code/agenda/frontend/test/spec/controllers/panel.js (line 268)
	@/media/d1/code/agenda/frontend/test/spec/controllers/panel.js:268
	
Firefox 26.0.0 (Ubuntu): Executed 37 of 43[31m (37 FAILED)[39m (0 secs / 0.105 secs)
[1A[2K[31mFirefox 26.0.0 (Ubuntu) Controller: PanelCtrl should not post event data if could not upload picture, display received response FAILED[39m
	minErr/<@/media/d1/code/agenda/frontend/app/bower_components/angular/angular.js:78
	loadModules/<@/media/d1/code/agenda/frontend/app/bower_components/angular/angular.js:3627
	forEach@/media/d1/code/agenda/frontend/app/bower_components/angular/angular.js:300
	loadModules@/media/d1/code/agenda/frontend/app/bower_components/angular/angular.js:3592
	createInjector@/media/d1/code/agenda/frontend/app/bower_components/angular/angular.js:3532
	workFn@/media/d1/code/agenda/frontend/app/bower_components/angular-mocks/angular-mocks.js:2097
	
	TypeError: $routeParams is undefined in /media/d1/code/agenda/frontend/test/spec/controllers/panel.js (line 285)
	@/media/d1/code/agenda/frontend/test/spec/controllers/panel.js:285
	
Firefox 26.0.0 (Ubuntu): Executed 38 of 43[31m (38 FAILED)[39m (0 secs / 0.107 secs)
[1A[2K[31mFirefox 26.0.0 (Ubuntu) Controller: PanelCtrl should not post event data if could not upload picture, display default response FAILED[39m
	minErr/<@/media/d1/code/agenda/frontend/app/bower_components/angular/angular.js:78
	loadModules/<@/media/d1/code/agenda/frontend/app/bower_components/angular/angular.js:3627
	forEach@/media/d1/code/agenda/frontend/app/bower_components/angular/angular.js:300
	loadModules@/media/d1/code/agenda/frontend/app/bower_components/angular/angular.js:3592
	createInjector@/media/d1/code/agenda/frontend/app/bower_components/angular/angular.js:3532
	workFn@/media/d1/code/agenda/frontend/app/bower_components/angular-mocks/angular-mocks.js:2097
	
	TypeError: $routeParams is undefined in /media/d1/code/agenda/frontend/test/spec/controllers/panel.js (line 303)
	@/media/d1/code/agenda/frontend/test/spec/controllers/panel.js:303
	
Firefox 26.0.0 (Ubuntu): Executed 39 of 43[31m (39 FAILED)[39m (0 secs / 0.109 secs)
[1A[2K[31mFirefox 26.0.0 (Ubuntu) Controller: PanelCtrl should initialize model with view of submitted events FAILED[39m
	minErr/<@/media/d1/code/agenda/frontend/app/bower_components/angular/angular.js:78
	loadModules/<@/media/d1/code/agenda/frontend/app/bower_components/angular/angular.js:3627
	forEach@/media/d1/code/agenda/frontend/app/bower_components/angular/angular.js:300
	loadModules@/media/d1/code/agenda/frontend/app/bower_components/angular/angular.js:3592
	createInjector@/media/d1/code/agenda/frontend/app/bower_components/angular/angular.js:3532
	workFn@/media/d1/code/agenda/frontend/app/bower_components/angular-mocks/angular-mocks.js:2097
	
	TypeError: $routeParams is undefined in /media/d1/code/agenda/frontend/test/spec/controllers/panel.js (line 321)
	@/media/d1/code/agenda/frontend/test/spec/controllers/panel.js:321
	
Firefox 26.0.0 (Ubuntu): Executed 40 of 43[31m (40 FAILED)[39m (0 secs / 0.112 secs)
[1A[2K[31mFirefox 26.0.0 (Ubuntu) Controller: PanelCtrl should load existing event FAILED[39m
	minErr/<@/media/d1/code/agenda/frontend/app/bower_components/angular/angular.js:78
	loadModules/<@/media/d1/code/agenda/frontend/app/bower_components/angular/angular.js:3627
	forEach@/media/d1/code/agenda/frontend/app/bower_components/angular/angular.js:300
	loadModules@/media/d1/code/agenda/frontend/app/bower_components/angular/angular.js:3592
	createInjector@/media/d1/code/agenda/frontend/app/bower_components/angular/angular.js:3532
	workFn@/media/d1/code/agenda/frontend/app/bower_components/angular-mocks/angular-mocks.js:2097
	
	TypeError: $routeParams is undefined in /media/d1/code/agenda/frontend/test/spec/controllers/panel.js (line 331)
	@/media/d1/code/agenda/frontend/test/spec/controllers/panel.js:331
	
Firefox 26.0.0 (Ubuntu): Executed 41 of 43[31m (41 FAILED)[39m (0 secs / 0.114 secs)
[1A[2K[31mFirefox 26.0.0 (Ubuntu) Controller: PanelCtrl should cancel editing an existing event FAILED[39m
	minErr/<@/media/d1/code/agenda/frontend/app/bower_components/angular/angular.js:78
	loadModules/<@/media/d1/code/agenda/frontend/app/bower_components/angular/angular.js:3627
	forEach@/media/d1/code/agenda/frontend/app/bower_components/angular/angular.js:300
	loadModules@/media/d1/code/agenda/frontend/app/bower_components/angular/angular.js:3592
	createInjector@/media/d1/code/agenda/frontend/app/bower_components/angular/angular.js:3532
	workFn@/media/d1/code/agenda/frontend/app/bower_components/angular-mocks/angular-mocks.js:2097
	
	TypeError: $routeParams is undefined in /media/d1/code/agenda/frontend/test/spec/controllers/panel.js (line 348)
	@/media/d1/code/agenda/frontend/test/spec/controllers/panel.js:348
	
Firefox 26.0.0 (Ubuntu): Executed 42 of 43[31m (42 FAILED)[39m (0 secs / 0.116 secs)
[1A[2K[31mFirefox 26.0.0 (Ubuntu) Controller: SignupCtrl should attach a list of awesomeThings to the scope FAILED[39m
	minErr/<@/media/d1/code/agenda/frontend/app/bower_components/angular/angular.js:78
	loadModules/<@/media/d1/code/agenda/frontend/app/bower_components/angular/angular.js:3627
	forEach@/media/d1/code/agenda/frontend/app/bower_components/angular/angular.js:300
	loadModules@/media/d1/code/agenda/frontend/app/bower_components/angular/angular.js:3592
	createInjector@/media/d1/code/agenda/frontend/app/bower_components/angular/angular.js:3532
	workFn@/media/d1/code/agenda/frontend/app/bower_components/angular-mocks/angular-mocks.js:2097
	
	TypeError: scope is undefined in /media/d1/code/agenda/frontend/test/spec/controllers/signup.js (line 20)
	@/media/d1/code/agenda/frontend/test/spec/controllers/signup.js:20
	
Firefox 26.0.0 (Ubuntu): Executed 43 of 43[31m (43 FAILED)[39m (0 secs / 0.118 secs)
[1A[2KFirefox 26.0.0 (Ubuntu): Executed 43 of 43[31m (43 FAILED)[39m[31m ERROR[39m (0.475 secs / 0.118 secs)
[36mDEBUG [launcher]: [39mDisconnecting all browsers
[36mDEBUG [launcher]: [39mKilling Firefox
[36mDEBUG [launcher]: [39mProcess Firefox exitted with code 0
[36mDEBUG [launcher]: [39mCleaning temp dir /tmp/karma-90907166
[33mWarning: Task "karma:unit" failed. Use --force to continue.[39m

[31mAborted due to warnings.[39m


Execution Time (2014-04-03 18:22:49 UTC)
concurrent:test       4s  ▇▇▇▇▇▇▇▇▇▇▇▇▇▇▇▇▇▇▇▇▇▇▇▇▇▇▇▇ 64%
autoprefixer:dist  104ms  ▇ 2%
karma:unit            2s  ▇▇▇▇▇▇▇▇▇▇▇▇▇▇▇ 34%
Total 7s
